// Jest Snapshot v1, https://goo.gl/fbAQLP

exports[`renders correctly 1`] = `
ShallowWrapper {
  Symbol(enzyme.__root__): [Circular],
  Symbol(enzyme.__unrendered__): <Login />,
  Symbol(enzyme.__renderer__): Object {
    "batchedUpdates": [Function],
    "getNode": [Function],
    "render": [Function],
    "simulateError": [Function],
    "simulateEvent": [Function],
    "unmount": [Function],
  },
  Symbol(enzyme.__node__): Object {
    "instance": null,
    "key": undefined,
    "nodeType": "host",
    "props": Object {
      "children": <div
        className="inner"
      >
        <Logo
          icon={true}
        />
        <Input
          disabled={true}
          onChange={[Function]}
          placeholder="Enter email"
          type="email"
          value=""
        />
        <Input
          disabled={true}
          onChange={[Function]}
          placeholder="Enter password"
          type="password"
          value=""
        />
        
        <Button
          blue={true}
          className="buttonSumit"
          dark={false}
          disabled={true}
          label="Submit"
          onClick={[Function]}
        />
        <div
          className="footer"
        >
          © 2018 RailView ver. 0.0.1
          <br />
          Powered by
          <a
            className="logoSeeItAll"
            href="http://seeitall.nl/"
            rel="noopener noreferrer"
            target="_blank"
          >
            See IT all
          </a>
        </div>
      </div>,
      "className": "container request",
    },
    "ref": null,
    "rendered": Object {
      "instance": null,
      "key": undefined,
      "nodeType": "host",
      "props": Object {
        "children": Array [
          <Logo
            icon={true}
          />,
          <Input
            disabled={true}
            onChange={[Function]}
            placeholder="Enter email"
            type="email"
            value=""
          />,
          <Input
            disabled={true}
            onChange={[Function]}
            placeholder="Enter password"
            type="password"
            value=""
          />,
          "",
          <Button
            blue={true}
            className="buttonSumit"
            dark={false}
            disabled={true}
            label="Submit"
            onClick={[Function]}
          />,
          <div
            className="footer"
          >
            © 2018 RailView ver. 0.0.1
            <br />
            Powered by
            <a
              className="logoSeeItAll"
              href="http://seeitall.nl/"
              rel="noopener noreferrer"
              target="_blank"
            >
              See IT all
            </a>
          </div>,
        ],
        "className": "inner",
      },
      "ref": null,
      "rendered": Array [
        Object {
          "instance": null,
          "key": undefined,
          "nodeType": "function",
          "props": Object {
            "className": undefined,
            "icon": true,
          },
          "ref": null,
          "rendered": null,
          "type": [Function],
        },
        Object {
          "instance": null,
          "key": undefined,
          "nodeType": "function",
          "props": Object {
            "className": undefined,
            "disabled": true,
            "onChange": [Function],
            "placeholder": "Enter email",
            "type": "email",
            "value": "",
          },
          "ref": null,
          "rendered": null,
          "type": [Function],
        },
        Object {
          "instance": null,
          "key": undefined,
          "nodeType": "function",
          "props": Object {
            "className": undefined,
            "disabled": true,
            "onChange": [Function],
            "placeholder": "Enter password",
            "type": "password",
            "value": "",
          },
          "ref": null,
          "rendered": null,
          "type": [Function],
        },
        "",
        Object {
          "instance": null,
          "key": undefined,
          "nodeType": "function",
          "props": Object {
            "blue": true,
            "className": "buttonSumit",
            "dark": false,
            "disabled": true,
            "label": "Submit",
            "onClick": [Function],
          },
          "ref": null,
          "rendered": null,
          "type": [Function],
        },
        Object {
          "instance": null,
          "key": undefined,
          "nodeType": "host",
          "props": Object {
            "children": Array [
              "© 2018 RailView ver. 0.0.1",
              <br />,
              "Powered by",
              <a
                className="logoSeeItAll"
                href="http://seeitall.nl/"
                rel="noopener noreferrer"
                target="_blank"
              >
                See IT all
              </a>,
            ],
            "className": "footer",
          },
          "ref": null,
          "rendered": Array [
            "© 2018 RailView ver. 0.0.1",
            Object {
              "instance": null,
              "key": undefined,
              "nodeType": "host",
              "props": Object {},
              "ref": null,
              "rendered": null,
              "type": "br",
            },
            "Powered by",
            Object {
              "instance": null,
              "key": undefined,
              "nodeType": "host",
              "props": Object {
                "children": "See IT all",
                "className": "logoSeeItAll",
                "href": "http://seeitall.nl/",
                "rel": "noopener noreferrer",
                "target": "_blank",
              },
              "ref": null,
              "rendered": "See IT all",
              "type": "a",
            },
          ],
          "type": "div",
        },
      ],
      "type": "div",
    },
    "type": "div",
  },
  Symbol(enzyme.__nodes__): Array [
    Object {
      "instance": null,
      "key": undefined,
      "nodeType": "host",
      "props": Object {
        "children": <div
          className="inner"
        >
          <Logo
            icon={true}
          />
          <Input
            disabled={true}
            onChange={[Function]}
            placeholder="Enter email"
            type="email"
            value=""
          />
          <Input
            disabled={true}
            onChange={[Function]}
            placeholder="Enter password"
            type="password"
            value=""
          />
          
          <Button
            blue={true}
            className="buttonSumit"
            dark={false}
            disabled={true}
            label="Submit"
            onClick={[Function]}
          />
          <div
            className="footer"
          >
            © 2018 RailView ver. 0.0.1
            <br />
            Powered by
            <a
              className="logoSeeItAll"
              href="http://seeitall.nl/"
              rel="noopener noreferrer"
              target="_blank"
            >
              See IT all
            </a>
          </div>
        </div>,
        "className": "container request",
      },
      "ref": null,
      "rendered": Object {
        "instance": null,
        "key": undefined,
        "nodeType": "host",
        "props": Object {
          "children": Array [
            <Logo
              icon={true}
            />,
            <Input
              disabled={true}
              onChange={[Function]}
              placeholder="Enter email"
              type="email"
              value=""
            />,
            <Input
              disabled={true}
              onChange={[Function]}
              placeholder="Enter password"
              type="password"
              value=""
            />,
            "",
            <Button
              blue={true}
              className="buttonSumit"
              dark={false}
              disabled={true}
              label="Submit"
              onClick={[Function]}
            />,
            <div
              className="footer"
            >
              © 2018 RailView ver. 0.0.1
              <br />
              Powered by
              <a
                className="logoSeeItAll"
                href="http://seeitall.nl/"
                rel="noopener noreferrer"
                target="_blank"
              >
                See IT all
              </a>
            </div>,
          ],
          "className": "inner",
        },
        "ref": null,
        "rendered": Array [
          Object {
            "instance": null,
            "key": undefined,
            "nodeType": "function",
            "props": Object {
              "className": undefined,
              "icon": true,
            },
            "ref": null,
            "rendered": null,
            "type": [Function],
          },
          Object {
            "instance": null,
            "key": undefined,
            "nodeType": "function",
            "props": Object {
              "className": undefined,
              "disabled": true,
              "onChange": [Function],
              "placeholder": "Enter email",
              "type": "email",
              "value": "",
            },
            "ref": null,
            "rendered": null,
            "type": [Function],
          },
          Object {
            "instance": null,
            "key": undefined,
            "nodeType": "function",
            "props": Object {
              "className": undefined,
              "disabled": true,
              "onChange": [Function],
              "placeholder": "Enter password",
              "type": "password",
              "value": "",
            },
            "ref": null,
            "rendered": null,
            "type": [Function],
          },
          "",
          Object {
            "instance": null,
            "key": undefined,
            "nodeType": "function",
            "props": Object {
              "blue": true,
              "className": "buttonSumit",
              "dark": false,
              "disabled": true,
              "label": "Submit",
              "onClick": [Function],
            },
            "ref": null,
            "rendered": null,
            "type": [Function],
          },
          Object {
            "instance": null,
            "key": undefined,
            "nodeType": "host",
            "props": Object {
              "children": Array [
                "© 2018 RailView ver. 0.0.1",
                <br />,
                "Powered by",
                <a
                  className="logoSeeItAll"
                  href="http://seeitall.nl/"
                  rel="noopener noreferrer"
                  target="_blank"
                >
                  See IT all
                </a>,
              ],
              "className": "footer",
            },
            "ref": null,
            "rendered": Array [
              "© 2018 RailView ver. 0.0.1",
              Object {
                "instance": null,
                "key": undefined,
                "nodeType": "host",
                "props": Object {},
                "ref": null,
                "rendered": null,
                "type": "br",
              },
              "Powered by",
              Object {
                "instance": null,
                "key": undefined,
                "nodeType": "host",
                "props": Object {
                  "children": "See IT all",
                  "className": "logoSeeItAll",
                  "href": "http://seeitall.nl/",
                  "rel": "noopener noreferrer",
                  "target": "_blank",
                },
                "ref": null,
                "rendered": "See IT all",
                "type": "a",
              },
            ],
            "type": "div",
          },
        ],
        "type": "div",
      },
      "type": "div",
    },
  ],
  Symbol(enzyme.__options__): Object {
    "adapter": ReactSixteenAdapter {
      "options": Object {
        "enableComponentDidUpdateOnSetState": true,
        "lifecycles": Object {
          "componentDidUpdate": Object {
            "onSetState": true,
          },
          "getDerivedStateFromProps": true,
          "getSnapshotBeforeUpdate": true,
          "setState": Object {
            "skipsComponentDidUpdateOnNullish": true,
          },
        },
      },
    },
  },
}
`;
