// Jest Snapshot v1, https://goo.gl/fbAQLP

exports[`renders correctly 1`] = `
ShallowWrapper {
  Symbol(enzyme.__root__): [Circular],
  Symbol(enzyme.__unrendered__): <Bookmark
    camera="Test"
    image="Test"
    onClick={[MockFunction]}
    ride="Test"
  />,
  Symbol(enzyme.__renderer__): Object {
    "batchedUpdates": [Function],
    "getNode": [Function],
    "render": [Function],
    "simulateError": [Function],
    "simulateEvent": [Function],
    "unmount": [Function],
  },
  Symbol(enzyme.__node__): Object {
    "instance": null,
    "key": undefined,
    "nodeType": "host",
    "props": Object {
      "children": Array [
        <img
          alt="Ride: Test, camera: Test"
          className="image"
          src="https://storage.googleapis.com/railview/Test/Test/Test"
        />,
        <div>
          <div
            className="info"
          >
            <b>
              Ride:
            </b>
             Test
          </div>
          <div
            className="info"
          >
            <b>
              Camera:
            </b>
             Test
          </div>
        </div>,
      ],
      "className": "bookmark",
      "onClick": [Function],
      "type": "button",
    },
    "ref": null,
    "rendered": Array [
      Object {
        "instance": null,
        "key": undefined,
        "nodeType": "host",
        "props": Object {
          "alt": "Ride: Test, camera: Test",
          "className": "image",
          "src": "https://storage.googleapis.com/railview/Test/Test/Test",
        },
        "ref": null,
        "rendered": null,
        "type": "img",
      },
      Object {
        "instance": null,
        "key": undefined,
        "nodeType": "host",
        "props": Object {
          "children": Array [
            <div
              className="info"
            >
              <b>
                Ride:
              </b>
               Test
            </div>,
            <div
              className="info"
            >
              <b>
                Camera:
              </b>
               Test
            </div>,
          ],
        },
        "ref": null,
        "rendered": Array [
          Object {
            "instance": null,
            "key": undefined,
            "nodeType": "host",
            "props": Object {
              "children": Array [
                <b>
                  Ride:
                </b>,
                " Test",
              ],
              "className": "info",
            },
            "ref": null,
            "rendered": Array [
              Object {
                "instance": null,
                "key": undefined,
                "nodeType": "host",
                "props": Object {
                  "children": "Ride:",
                },
                "ref": null,
                "rendered": "Ride:",
                "type": "b",
              },
              " Test",
            ],
            "type": "div",
          },
          Object {
            "instance": null,
            "key": undefined,
            "nodeType": "host",
            "props": Object {
              "children": Array [
                <b>
                  Camera:
                </b>,
                " Test",
              ],
              "className": "info",
            },
            "ref": null,
            "rendered": Array [
              Object {
                "instance": null,
                "key": undefined,
                "nodeType": "host",
                "props": Object {
                  "children": "Camera:",
                },
                "ref": null,
                "rendered": "Camera:",
                "type": "b",
              },
              " Test",
            ],
            "type": "div",
          },
        ],
        "type": "div",
      },
    ],
    "type": "button",
  },
  Symbol(enzyme.__nodes__): Array [
    Object {
      "instance": null,
      "key": undefined,
      "nodeType": "host",
      "props": Object {
        "children": Array [
          <img
            alt="Ride: Test, camera: Test"
            className="image"
            src="https://storage.googleapis.com/railview/Test/Test/Test"
          />,
          <div>
            <div
              className="info"
            >
              <b>
                Ride:
              </b>
               Test
            </div>
            <div
              className="info"
            >
              <b>
                Camera:
              </b>
               Test
            </div>
          </div>,
        ],
        "className": "bookmark",
        "onClick": [Function],
        "type": "button",
      },
      "ref": null,
      "rendered": Array [
        Object {
          "instance": null,
          "key": undefined,
          "nodeType": "host",
          "props": Object {
            "alt": "Ride: Test, camera: Test",
            "className": "image",
            "src": "https://storage.googleapis.com/railview/Test/Test/Test",
          },
          "ref": null,
          "rendered": null,
          "type": "img",
        },
        Object {
          "instance": null,
          "key": undefined,
          "nodeType": "host",
          "props": Object {
            "children": Array [
              <div
                className="info"
              >
                <b>
                  Ride:
                </b>
                 Test
              </div>,
              <div
                className="info"
              >
                <b>
                  Camera:
                </b>
                 Test
              </div>,
            ],
          },
          "ref": null,
          "rendered": Array [
            Object {
              "instance": null,
              "key": undefined,
              "nodeType": "host",
              "props": Object {
                "children": Array [
                  <b>
                    Ride:
                  </b>,
                  " Test",
                ],
                "className": "info",
              },
              "ref": null,
              "rendered": Array [
                Object {
                  "instance": null,
                  "key": undefined,
                  "nodeType": "host",
                  "props": Object {
                    "children": "Ride:",
                  },
                  "ref": null,
                  "rendered": "Ride:",
                  "type": "b",
                },
                " Test",
              ],
              "type": "div",
            },
            Object {
              "instance": null,
              "key": undefined,
              "nodeType": "host",
              "props": Object {
                "children": Array [
                  <b>
                    Camera:
                  </b>,
                  " Test",
                ],
                "className": "info",
              },
              "ref": null,
              "rendered": Array [
                Object {
                  "instance": null,
                  "key": undefined,
                  "nodeType": "host",
                  "props": Object {
                    "children": "Camera:",
                  },
                  "ref": null,
                  "rendered": "Camera:",
                  "type": "b",
                },
                " Test",
              ],
              "type": "div",
            },
          ],
          "type": "div",
        },
      ],
      "type": "button",
    },
  ],
  Symbol(enzyme.__options__): Object {
    "adapter": ReactSixteenAdapter {
      "options": Object {
        "enableComponentDidUpdateOnSetState": true,
        "lifecycles": Object {
          "componentDidUpdate": Object {
            "onSetState": true,
          },
          "getDerivedStateFromProps": true,
          "getSnapshotBeforeUpdate": true,
          "setState": Object {
            "skipsComponentDidUpdateOnNullish": true,
          },
        },
      },
    },
  },
}
`;
