// Jest Snapshot v1, https://goo.gl/fbAQLP

exports[`renders correctly 1`] = `
ShallowWrapper {
  Symbol(enzyme.__root__): [Circular],
  Symbol(enzyme.__unrendered__): <Toolbar
    disabledRedo={false}
    disabledSave={false}
    disabledUndo={false}
    drawTools={
      Object {
        "ARROW": "arrow",
        "CIRCLE": "circle",
        "PEN": "pen",
        "RECTANGLE": "rectangle",
        "TEXT": "text",
      }
    }
    onChangeTool={[MockFunction]}
    onClickClose={[MockFunction]}
    onClickRedo={[MockFunction]}
    onClickSave={[MockFunction]}
    onClickUndo={[MockFunction]}
  />,
  Symbol(enzyme.__renderer__): Object {
    "batchedUpdates": [Function],
    "getNode": [Function],
    "render": [Function],
    "simulateError": [Function],
    "simulateEvent": [Function],
    "unmount": [Function],
  },
  Symbol(enzyme.__node__): Object {
    "instance": null,
    "key": undefined,
    "nodeType": "host",
    "props": Object {
      "children": Array [
        <div
          className="group"
        >
          <Button
            blue={false}
            className="button undo"
            dark={true}
            disabled={false}
            label="Undo"
            onClick={[Function]}
          />
          <Button
            blue={false}
            className="button redo"
            dark={true}
            disabled={false}
            label="Redo"
            onClick={[Function]}
          />
        </div>,
        <div
          className="group"
        >
          <Button
            blue={false}
            className="button rectangle"
            dark={true}
            disabled={false}
            label="rectangle"
            onClick={[Function]}
          />
          <Button
            blue={false}
            className="button circle"
            dark={true}
            disabled={false}
            label="circle"
            onClick={[Function]}
          />
          <Button
            blue={false}
            className="button text"
            dark={true}
            disabled={false}
            label="text"
            onClick={[Function]}
          />
          <Button
            blue={false}
            className="button arrow"
            dark={true}
            disabled={false}
            label="arrow"
            onClick={[Function]}
          />
          <Button
            blue={false}
            className="button pen"
            dark={true}
            disabled={false}
            label="pen"
            onClick={[Function]}
          />
        </div>,
        <Button
          blue={false}
          className="button cancel"
          dark={true}
          disabled={false}
          label="Cancel"
          onClick={[Function]}
        />,
        <Button
          blue={true}
          className="button"
          dark={false}
          disabled={false}
          label="Save"
          onClick={[Function]}
        />,
      ],
      "className": "toolbar",
    },
    "ref": null,
    "rendered": Array [
      Object {
        "instance": null,
        "key": undefined,
        "nodeType": "host",
        "props": Object {
          "children": Array [
            <Button
              blue={false}
              className="button undo"
              dark={true}
              disabled={false}
              label="Undo"
              onClick={[Function]}
            />,
            <Button
              blue={false}
              className="button redo"
              dark={true}
              disabled={false}
              label="Redo"
              onClick={[Function]}
            />,
          ],
          "className": "group",
        },
        "ref": null,
        "rendered": Array [
          Object {
            "instance": null,
            "key": undefined,
            "nodeType": "function",
            "props": Object {
              "blue": false,
              "className": "button undo",
              "dark": true,
              "disabled": false,
              "label": "Undo",
              "onClick": [Function],
            },
            "ref": null,
            "rendered": null,
            "type": [Function],
          },
          Object {
            "instance": null,
            "key": undefined,
            "nodeType": "function",
            "props": Object {
              "blue": false,
              "className": "button redo",
              "dark": true,
              "disabled": false,
              "label": "Redo",
              "onClick": [Function],
            },
            "ref": null,
            "rendered": null,
            "type": [Function],
          },
        ],
        "type": "div",
      },
      Object {
        "instance": null,
        "key": undefined,
        "nodeType": "host",
        "props": Object {
          "children": Array [
            <Button
              blue={false}
              className="button rectangle"
              dark={true}
              disabled={false}
              label="rectangle"
              onClick={[Function]}
            />,
            <Button
              blue={false}
              className="button circle"
              dark={true}
              disabled={false}
              label="circle"
              onClick={[Function]}
            />,
            <Button
              blue={false}
              className="button text"
              dark={true}
              disabled={false}
              label="text"
              onClick={[Function]}
            />,
            <Button
              blue={false}
              className="button arrow"
              dark={true}
              disabled={false}
              label="arrow"
              onClick={[Function]}
            />,
            <Button
              blue={false}
              className="button pen"
              dark={true}
              disabled={false}
              label="pen"
              onClick={[Function]}
            />,
          ],
          "className": "group",
        },
        "ref": null,
        "rendered": Array [
          Object {
            "instance": null,
            "key": "RECTANGLE",
            "nodeType": "function",
            "props": Object {
              "blue": false,
              "className": "button rectangle",
              "dark": true,
              "disabled": false,
              "label": "rectangle",
              "onClick": [Function],
            },
            "ref": null,
            "rendered": null,
            "type": [Function],
          },
          Object {
            "instance": null,
            "key": "CIRCLE",
            "nodeType": "function",
            "props": Object {
              "blue": false,
              "className": "button circle",
              "dark": true,
              "disabled": false,
              "label": "circle",
              "onClick": [Function],
            },
            "ref": null,
            "rendered": null,
            "type": [Function],
          },
          Object {
            "instance": null,
            "key": "TEXT",
            "nodeType": "function",
            "props": Object {
              "blue": false,
              "className": "button text",
              "dark": true,
              "disabled": false,
              "label": "text",
              "onClick": [Function],
            },
            "ref": null,
            "rendered": null,
            "type": [Function],
          },
          Object {
            "instance": null,
            "key": "ARROW",
            "nodeType": "function",
            "props": Object {
              "blue": false,
              "className": "button arrow",
              "dark": true,
              "disabled": false,
              "label": "arrow",
              "onClick": [Function],
            },
            "ref": null,
            "rendered": null,
            "type": [Function],
          },
          Object {
            "instance": null,
            "key": "PEN",
            "nodeType": "function",
            "props": Object {
              "blue": false,
              "className": "button pen",
              "dark": true,
              "disabled": false,
              "label": "pen",
              "onClick": [Function],
            },
            "ref": null,
            "rendered": null,
            "type": [Function],
          },
        ],
        "type": "div",
      },
      Object {
        "instance": null,
        "key": undefined,
        "nodeType": "function",
        "props": Object {
          "blue": false,
          "className": "button cancel",
          "dark": true,
          "disabled": false,
          "label": "Cancel",
          "onClick": [Function],
        },
        "ref": null,
        "rendered": null,
        "type": [Function],
      },
      Object {
        "instance": null,
        "key": undefined,
        "nodeType": "function",
        "props": Object {
          "blue": true,
          "className": "button",
          "dark": false,
          "disabled": false,
          "label": "Save",
          "onClick": [Function],
        },
        "ref": null,
        "rendered": null,
        "type": [Function],
      },
    ],
    "type": "div",
  },
  Symbol(enzyme.__nodes__): Array [
    Object {
      "instance": null,
      "key": undefined,
      "nodeType": "host",
      "props": Object {
        "children": Array [
          <div
            className="group"
          >
            <Button
              blue={false}
              className="button undo"
              dark={true}
              disabled={false}
              label="Undo"
              onClick={[Function]}
            />
            <Button
              blue={false}
              className="button redo"
              dark={true}
              disabled={false}
              label="Redo"
              onClick={[Function]}
            />
          </div>,
          <div
            className="group"
          >
            <Button
              blue={false}
              className="button rectangle"
              dark={true}
              disabled={false}
              label="rectangle"
              onClick={[Function]}
            />
            <Button
              blue={false}
              className="button circle"
              dark={true}
              disabled={false}
              label="circle"
              onClick={[Function]}
            />
            <Button
              blue={false}
              className="button text"
              dark={true}
              disabled={false}
              label="text"
              onClick={[Function]}
            />
            <Button
              blue={false}
              className="button arrow"
              dark={true}
              disabled={false}
              label="arrow"
              onClick={[Function]}
            />
            <Button
              blue={false}
              className="button pen"
              dark={true}
              disabled={false}
              label="pen"
              onClick={[Function]}
            />
          </div>,
          <Button
            blue={false}
            className="button cancel"
            dark={true}
            disabled={false}
            label="Cancel"
            onClick={[Function]}
          />,
          <Button
            blue={true}
            className="button"
            dark={false}
            disabled={false}
            label="Save"
            onClick={[Function]}
          />,
        ],
        "className": "toolbar",
      },
      "ref": null,
      "rendered": Array [
        Object {
          "instance": null,
          "key": undefined,
          "nodeType": "host",
          "props": Object {
            "children": Array [
              <Button
                blue={false}
                className="button undo"
                dark={true}
                disabled={false}
                label="Undo"
                onClick={[Function]}
              />,
              <Button
                blue={false}
                className="button redo"
                dark={true}
                disabled={false}
                label="Redo"
                onClick={[Function]}
              />,
            ],
            "className": "group",
          },
          "ref": null,
          "rendered": Array [
            Object {
              "instance": null,
              "key": undefined,
              "nodeType": "function",
              "props": Object {
                "blue": false,
                "className": "button undo",
                "dark": true,
                "disabled": false,
                "label": "Undo",
                "onClick": [Function],
              },
              "ref": null,
              "rendered": null,
              "type": [Function],
            },
            Object {
              "instance": null,
              "key": undefined,
              "nodeType": "function",
              "props": Object {
                "blue": false,
                "className": "button redo",
                "dark": true,
                "disabled": false,
                "label": "Redo",
                "onClick": [Function],
              },
              "ref": null,
              "rendered": null,
              "type": [Function],
            },
          ],
          "type": "div",
        },
        Object {
          "instance": null,
          "key": undefined,
          "nodeType": "host",
          "props": Object {
            "children": Array [
              <Button
                blue={false}
                className="button rectangle"
                dark={true}
                disabled={false}
                label="rectangle"
                onClick={[Function]}
              />,
              <Button
                blue={false}
                className="button circle"
                dark={true}
                disabled={false}
                label="circle"
                onClick={[Function]}
              />,
              <Button
                blue={false}
                className="button text"
                dark={true}
                disabled={false}
                label="text"
                onClick={[Function]}
              />,
              <Button
                blue={false}
                className="button arrow"
                dark={true}
                disabled={false}
                label="arrow"
                onClick={[Function]}
              />,
              <Button
                blue={false}
                className="button pen"
                dark={true}
                disabled={false}
                label="pen"
                onClick={[Function]}
              />,
            ],
            "className": "group",
          },
          "ref": null,
          "rendered": Array [
            Object {
              "instance": null,
              "key": "RECTANGLE",
              "nodeType": "function",
              "props": Object {
                "blue": false,
                "className": "button rectangle",
                "dark": true,
                "disabled": false,
                "label": "rectangle",
                "onClick": [Function],
              },
              "ref": null,
              "rendered": null,
              "type": [Function],
            },
            Object {
              "instance": null,
              "key": "CIRCLE",
              "nodeType": "function",
              "props": Object {
                "blue": false,
                "className": "button circle",
                "dark": true,
                "disabled": false,
                "label": "circle",
                "onClick": [Function],
              },
              "ref": null,
              "rendered": null,
              "type": [Function],
            },
            Object {
              "instance": null,
              "key": "TEXT",
              "nodeType": "function",
              "props": Object {
                "blue": false,
                "className": "button text",
                "dark": true,
                "disabled": false,
                "label": "text",
                "onClick": [Function],
              },
              "ref": null,
              "rendered": null,
              "type": [Function],
            },
            Object {
              "instance": null,
              "key": "ARROW",
              "nodeType": "function",
              "props": Object {
                "blue": false,
                "className": "button arrow",
                "dark": true,
                "disabled": false,
                "label": "arrow",
                "onClick": [Function],
              },
              "ref": null,
              "rendered": null,
              "type": [Function],
            },
            Object {
              "instance": null,
              "key": "PEN",
              "nodeType": "function",
              "props": Object {
                "blue": false,
                "className": "button pen",
                "dark": true,
                "disabled": false,
                "label": "pen",
                "onClick": [Function],
              },
              "ref": null,
              "rendered": null,
              "type": [Function],
            },
          ],
          "type": "div",
        },
        Object {
          "instance": null,
          "key": undefined,
          "nodeType": "function",
          "props": Object {
            "blue": false,
            "className": "button cancel",
            "dark": true,
            "disabled": false,
            "label": "Cancel",
            "onClick": [Function],
          },
          "ref": null,
          "rendered": null,
          "type": [Function],
        },
        Object {
          "instance": null,
          "key": undefined,
          "nodeType": "function",
          "props": Object {
            "blue": true,
            "className": "button",
            "dark": false,
            "disabled": false,
            "label": "Save",
            "onClick": [Function],
          },
          "ref": null,
          "rendered": null,
          "type": [Function],
        },
      ],
      "type": "div",
    },
  ],
  Symbol(enzyme.__options__): Object {
    "adapter": ReactSixteenAdapter {
      "options": Object {
        "enableComponentDidUpdateOnSetState": true,
        "lifecycles": Object {
          "componentDidUpdate": Object {
            "onSetState": true,
          },
          "getDerivedStateFromProps": true,
          "getSnapshotBeforeUpdate": true,
          "setState": Object {
            "skipsComponentDidUpdateOnNullish": true,
          },
        },
      },
    },
  },
}
`;
