// Jest Snapshot v1, https://goo.gl/fbAQLP

exports[`renders correctly 1`] = `
ShallowWrapper {
  Symbol(enzyme.__root__): [Circular],
  Symbol(enzyme.__unrendered__): <CameraControl
    camera="Test"
    disabled={false}
    onChangeCamera={[MockFunction]}
  />,
  Symbol(enzyme.__renderer__): Object {
    "batchedUpdates": [Function],
    "getNode": [Function],
    "render": [Function],
    "simulateError": [Function],
    "simulateEvent": [Function],
    "unmount": [Function],
  },
  Symbol(enzyme.__node__): Object {
    "instance": null,
    "key": undefined,
    "nodeType": "host",
    "props": Object {
      "children": Array [
        <Button
          blue={false}
          className="button"
          dark={false}
          disabled={false}
          label="Cam 1"
          onClick={[Function]}
        />,
        <Button
          blue={false}
          className="button"
          dark={false}
          disabled={false}
          label="Cam 2"
          onClick={[Function]}
        />,
        <Button
          blue={false}
          className="button"
          dark={false}
          disabled={false}
          label="Cam 3"
          onClick={[Function]}
        />,
        <Button
          blue={false}
          className="button"
          dark={false}
          disabled={false}
          label="Cam 4"
          onClick={[Function]}
        />,
      ],
      "className": "control",
    },
    "ref": null,
    "rendered": Array [
      Object {
        "instance": null,
        "key": undefined,
        "nodeType": "function",
        "props": Object {
          "blue": false,
          "className": "button",
          "dark": false,
          "disabled": false,
          "label": "Cam 1",
          "onClick": [Function],
        },
        "ref": null,
        "rendered": null,
        "type": [Function],
      },
      Object {
        "instance": null,
        "key": undefined,
        "nodeType": "function",
        "props": Object {
          "blue": false,
          "className": "button",
          "dark": false,
          "disabled": false,
          "label": "Cam 2",
          "onClick": [Function],
        },
        "ref": null,
        "rendered": null,
        "type": [Function],
      },
      Object {
        "instance": null,
        "key": undefined,
        "nodeType": "function",
        "props": Object {
          "blue": false,
          "className": "button",
          "dark": false,
          "disabled": false,
          "label": "Cam 3",
          "onClick": [Function],
        },
        "ref": null,
        "rendered": null,
        "type": [Function],
      },
      Object {
        "instance": null,
        "key": undefined,
        "nodeType": "function",
        "props": Object {
          "blue": false,
          "className": "button",
          "dark": false,
          "disabled": false,
          "label": "Cam 4",
          "onClick": [Function],
        },
        "ref": null,
        "rendered": null,
        "type": [Function],
      },
    ],
    "type": "div",
  },
  Symbol(enzyme.__nodes__): Array [
    Object {
      "instance": null,
      "key": undefined,
      "nodeType": "host",
      "props": Object {
        "children": Array [
          <Button
            blue={false}
            className="button"
            dark={false}
            disabled={false}
            label="Cam 1"
            onClick={[Function]}
          />,
          <Button
            blue={false}
            className="button"
            dark={false}
            disabled={false}
            label="Cam 2"
            onClick={[Function]}
          />,
          <Button
            blue={false}
            className="button"
            dark={false}
            disabled={false}
            label="Cam 3"
            onClick={[Function]}
          />,
          <Button
            blue={false}
            className="button"
            dark={false}
            disabled={false}
            label="Cam 4"
            onClick={[Function]}
          />,
        ],
        "className": "control",
      },
      "ref": null,
      "rendered": Array [
        Object {
          "instance": null,
          "key": undefined,
          "nodeType": "function",
          "props": Object {
            "blue": false,
            "className": "button",
            "dark": false,
            "disabled": false,
            "label": "Cam 1",
            "onClick": [Function],
          },
          "ref": null,
          "rendered": null,
          "type": [Function],
        },
        Object {
          "instance": null,
          "key": undefined,
          "nodeType": "function",
          "props": Object {
            "blue": false,
            "className": "button",
            "dark": false,
            "disabled": false,
            "label": "Cam 2",
            "onClick": [Function],
          },
          "ref": null,
          "rendered": null,
          "type": [Function],
        },
        Object {
          "instance": null,
          "key": undefined,
          "nodeType": "function",
          "props": Object {
            "blue": false,
            "className": "button",
            "dark": false,
            "disabled": false,
            "label": "Cam 3",
            "onClick": [Function],
          },
          "ref": null,
          "rendered": null,
          "type": [Function],
        },
        Object {
          "instance": null,
          "key": undefined,
          "nodeType": "function",
          "props": Object {
            "blue": false,
            "className": "button",
            "dark": false,
            "disabled": false,
            "label": "Cam 4",
            "onClick": [Function],
          },
          "ref": null,
          "rendered": null,
          "type": [Function],
        },
      ],
      "type": "div",
    },
  ],
  Symbol(enzyme.__options__): Object {
    "adapter": ReactSixteenAdapter {
      "options": Object {
        "enableComponentDidUpdateOnSetState": true,
        "lifecycles": Object {
          "componentDidUpdate": Object {
            "onSetState": true,
          },
          "getDerivedStateFromProps": true,
          "getSnapshotBeforeUpdate": true,
          "setState": Object {
            "skipsComponentDidUpdateOnNullish": true,
          },
        },
      },
    },
  },
}
`;
