// Jest Snapshot v1, https://goo.gl/fbAQLP

exports[`renders correctly 1`] = `
ShallowWrapper {
  Symbol(enzyme.__root__): [Circular],
  Symbol(enzyme.__unrendered__): <LoaderSpinner />,
  Symbol(enzyme.__renderer__): Object {
    "batchedUpdates": [Function],
    "getNode": [Function],
    "render": [Function],
    "simulateError": [Function],
    "simulateEvent": [Function],
    "unmount": [Function],
  },
  Symbol(enzyme.__node__): Object {
    "instance": null,
    "key": undefined,
    "nodeType": "host",
    "props": Object {
      "children": <div
        className="loaderSpinner"
      >
        <svg
          className="loaderCircular"
          viewBox="25 25 50 50"
        >
          <circle
            className="loaderPath"
            cx="50"
            cy="50"
            fill="none"
            r="20"
            strokeMiterlimit="10"
            strokeWidth="3"
          />
        </svg>
      </div>,
      "className": "loader",
    },
    "ref": null,
    "rendered": Object {
      "instance": null,
      "key": undefined,
      "nodeType": "host",
      "props": Object {
        "children": <svg
          className="loaderCircular"
          viewBox="25 25 50 50"
        >
          <circle
            className="loaderPath"
            cx="50"
            cy="50"
            fill="none"
            r="20"
            strokeMiterlimit="10"
            strokeWidth="3"
          />
        </svg>,
        "className": "loaderSpinner",
      },
      "ref": null,
      "rendered": Object {
        "instance": null,
        "key": undefined,
        "nodeType": "host",
        "props": Object {
          "children": <circle
            className="loaderPath"
            cx="50"
            cy="50"
            fill="none"
            r="20"
            strokeMiterlimit="10"
            strokeWidth="3"
          />,
          "className": "loaderCircular",
          "viewBox": "25 25 50 50",
        },
        "ref": null,
        "rendered": Object {
          "instance": null,
          "key": undefined,
          "nodeType": "host",
          "props": Object {
            "className": "loaderPath",
            "cx": "50",
            "cy": "50",
            "fill": "none",
            "r": "20",
            "strokeMiterlimit": "10",
            "strokeWidth": "3",
          },
          "ref": null,
          "rendered": null,
          "type": "circle",
        },
        "type": "svg",
      },
      "type": "div",
    },
    "type": "div",
  },
  Symbol(enzyme.__nodes__): Array [
    Object {
      "instance": null,
      "key": undefined,
      "nodeType": "host",
      "props": Object {
        "children": <div
          className="loaderSpinner"
        >
          <svg
            className="loaderCircular"
            viewBox="25 25 50 50"
          >
            <circle
              className="loaderPath"
              cx="50"
              cy="50"
              fill="none"
              r="20"
              strokeMiterlimit="10"
              strokeWidth="3"
            />
          </svg>
        </div>,
        "className": "loader",
      },
      "ref": null,
      "rendered": Object {
        "instance": null,
        "key": undefined,
        "nodeType": "host",
        "props": Object {
          "children": <svg
            className="loaderCircular"
            viewBox="25 25 50 50"
          >
            <circle
              className="loaderPath"
              cx="50"
              cy="50"
              fill="none"
              r="20"
              strokeMiterlimit="10"
              strokeWidth="3"
            />
          </svg>,
          "className": "loaderSpinner",
        },
        "ref": null,
        "rendered": Object {
          "instance": null,
          "key": undefined,
          "nodeType": "host",
          "props": Object {
            "children": <circle
              className="loaderPath"
              cx="50"
              cy="50"
              fill="none"
              r="20"
              strokeMiterlimit="10"
              strokeWidth="3"
            />,
            "className": "loaderCircular",
            "viewBox": "25 25 50 50",
          },
          "ref": null,
          "rendered": Object {
            "instance": null,
            "key": undefined,
            "nodeType": "host",
            "props": Object {
              "className": "loaderPath",
              "cx": "50",
              "cy": "50",
              "fill": "none",
              "r": "20",
              "strokeMiterlimit": "10",
              "strokeWidth": "3",
            },
            "ref": null,
            "rendered": null,
            "type": "circle",
          },
          "type": "svg",
        },
        "type": "div",
      },
      "type": "div",
    },
  ],
  Symbol(enzyme.__options__): Object {
    "adapter": ReactSixteenAdapter {
      "options": Object {
        "enableComponentDidUpdateOnSetState": true,
        "lifecycles": Object {
          "componentDidUpdate": Object {
            "onSetState": true,
          },
          "getDerivedStateFromProps": true,
          "getSnapshotBeforeUpdate": true,
          "setState": Object {
            "skipsComponentDidUpdateOnNullish": true,
          },
        },
      },
    },
  },
}
`;
